// Jest Snapshot v1, https://goo.gl/fbAQLP

exports[`<ProductInformation /> should render correctly 1`] = `ShallowWrapper {}`;
