// Jest Snapshot v1, https://goo.gl/fbAQLP

exports[`<ProductsList /> with products should render correctly 1`] = `ReactWrapper {}`;

exports[`<ProductsList /> without products should render correctly 1`] = `ReactWrapper {}`;
