// Jest Snapshot v1, https://goo.gl/fbAQLP

exports[`<Switch /> should render correctly 1`] = `ShallowWrapper {}`;
