// Jest Snapshot v1, https://goo.gl/fbAQLP

exports[`<ProductPage /> should render correctly 1`] = `ShallowWrapper {}`;
